// Vitest Snapshot v1, https://vitest.dev/guide/snapshot.html

exports[`ChatPanel > rendering > snapshot matches empty state 1`] = `
<div
  class="flex flex-col h-full w-full bg-surface border-r border-border-subtle"
>
  <div
    class="flex items-center justify-between px-3 py-2.5 border-b border-border-subtle backdrop-blur-toolbar sm:px-4 sm:py-3"
  >
    <h2
      class="text-sm font-semibold text-content-primary tracking-snug sm:text-base"
    >
      Chat
    </h2>
    <div
      aria-label="Input mode"
      class="flex rounded-lg border border-border overflow-hidden text-sm"
      role="radiogroup"
    >
      <button
        aria-checked="true"
        aria-label="Text input mode"
        class="px-3 py-1.5 transition-colors duration-fast font-medium bg-accent text-content-inverse"
        role="radio"
        type="button"
      >
        Text
      </button>
      <button
        aria-checked="false"
        aria-label="Voice input mode"
        class="px-3 py-1.5 transition-colors duration-fast font-medium bg-surface text-content-secondary hover:bg-surface-raised"
        role="radio"
        type="button"
      >
        <span
          aria-hidden="true"
        >
          🎤
        </span>
         Voice
      </button>
    </div>
  </div>
  <div
    aria-label="Chat messages"
    aria-live="polite"
    class="flex-1 overflow-y-auto overscroll-contain py-4 scroll-smooth"
    role="log"
  >
    <div
      class="flex flex-col items-center justify-center h-full text-center px-6 animate-fade-in"
    >
      <div
        class="w-12 h-12 rounded-2xl bg-ai-subtle flex items-center justify-center mb-3"
      >
        <span
          class="text-ai text-xl"
        >
          ✦
        </span>
      </div>
      <p
        class="text-sm text-content-secondary font-medium mb-1"
      >
        Start a conversation
      </p>
      <p
        class="text-xs text-content-tertiary"
      >
        Type a message to ask the AI to draw something
      </p>
    </div>
  </div>
  <div
    class="border-t border-border-subtle p-2 sm:p-3 bg-surface"
  >
    <form
      aria-label="Chat message form"
      class="flex gap-2 items-end"
    >
      <label
        class="sr-only"
        for="chat-input"
      >
        Message
      </label>
      <textarea
        aria-label="Message input"
        class="flex-1 resize-none rounded-lg border border-border bg-surface px-3 py-2 text-sm text-content-primary placeholder:text-content-tertiary focus:outline-none focus:ring-2 focus:ring-accent/50 focus:border-accent min-h-[44px] max-h-[120px] transition-colors duration-fast"
        id="chat-input"
        placeholder="Type a message…"
        rows="1"
        style="height: 0px;"
      />
      <button
        class="min-h-[44px] min-w-[44px] rounded-lg bg-accent px-3 py-2 text-sm font-medium text-content-inverse hover:bg-accent-hover disabled:opacity-40 disabled:cursor-not-allowed transition-colors duration-fast"
        disabled=""
        type="submit"
      >
        Send
      </button>
    </form>
  </div>
</div>
`;
