// Vitest Snapshot v1, https://vitest.dev/guide/snapshot.html

exports[`Toolbar > rendering > snapshot matches default render 1`] = `
<div>
  <div
    aria-label="Canvas controls"
    aria-orientation="horizontal"
    class="fixed right-4 top-4 z-50 hidden items-center gap-0.5 rounded-xl border border-[hsl(var(--toolbar-border))] bg-[hsl(var(--toolbar-bg)/0.85)] px-2 py-1.5 shadow-lg backdrop-blur-xl md:flex"
    role="toolbar"
  >
    <div
      class="group/tip relative"
    >
      <button
        aria-label="Switch to Voice"
        class="relative flex items-center justify-center rounded-lg p-2 transition-all duration-150 ease-out focus-visible:outline-none focus-visible:ring-2 focus-visible:ring-[hsl(var(--color-accent))] focus-visible:ring-offset-1 text-[hsl(var(--color-text-secondary))] hover:bg-[hsl(var(--color-surface-raised))] hover:text-[hsl(var(--color-text-primary))] hover:scale-110 active:scale-95"
      >
        <svg
          aria-hidden="true"
          fill="none"
          height="18"
          stroke="currentColor"
          stroke-linecap="round"
          stroke-linejoin="round"
          stroke-width="2"
          viewBox="0 0 24 24"
          width="18"
          xmlns="http://www.w3.org/2000/svg"
        >
          <rect
            height="11"
            rx="3"
            width="6"
            x="9"
            y="2"
          />
          <path
            d="M5 10a7 7 0 0 0 14 0"
          />
          <line
            x1="12"
            x2="12"
            y1="19"
            y2="22"
          />
        </svg>
      </button>
      <span
        class="pointer-events-none absolute -bottom-9 left-1/2 z-10 -translate-x-1/2 whitespace-nowrap rounded-md bg-[hsl(var(--color-text-primary))] px-2 py-1 text-xs text-[hsl(var(--color-text-inverse))] opacity-0 transition-opacity duration-150 group-hover/tip:opacity-100"
        role="tooltip"
      >
        Switch to Voice
      </span>
    </div>
    <div
      aria-hidden="true"
      class="mx-1 h-6 w-px bg-[hsl(var(--color-border-subtle))]"
      role="separator"
    />
    <div
      class="group/tip relative"
    >
      <button
        aria-label="Undo"
        class="relative flex items-center justify-center rounded-lg p-2 transition-all duration-150 ease-out focus-visible:outline-none focus-visible:ring-2 focus-visible:ring-[hsl(var(--color-accent))] focus-visible:ring-offset-1 cursor-not-allowed opacity-40"
        disabled=""
      >
        <svg
          aria-hidden="true"
          fill="none"
          height="18"
          stroke="currentColor"
          stroke-linecap="round"
          stroke-linejoin="round"
          stroke-width="2"
          viewBox="0 0 24 24"
          width="18"
          xmlns="http://www.w3.org/2000/svg"
        >
          <polyline
            points="1 4 1 10 7 10"
          />
          <path
            d="M3.51 15a9 9 0 1 0 2.13-9.36L1 10"
          />
        </svg>
      </button>
      <span
        class="pointer-events-none absolute -bottom-9 left-1/2 z-10 -translate-x-1/2 whitespace-nowrap rounded-md bg-[hsl(var(--color-text-primary))] px-2 py-1 text-xs text-[hsl(var(--color-text-inverse))] opacity-0 transition-opacity duration-150 group-hover/tip:opacity-100"
        role="tooltip"
      >
        Undo
      </span>
    </div>
    <div
      class="group/tip relative"
    >
      <button
        aria-label="Redo"
        class="relative flex items-center justify-center rounded-lg p-2 transition-all duration-150 ease-out focus-visible:outline-none focus-visible:ring-2 focus-visible:ring-[hsl(var(--color-accent))] focus-visible:ring-offset-1 cursor-not-allowed opacity-40"
        disabled=""
      >
        <svg
          aria-hidden="true"
          fill="none"
          height="18"
          stroke="currentColor"
          stroke-linecap="round"
          stroke-linejoin="round"
          stroke-width="2"
          viewBox="0 0 24 24"
          width="18"
          xmlns="http://www.w3.org/2000/svg"
        >
          <polyline
            points="23 4 23 10 17 10"
          />
          <path
            d="M20.49 15a9 9 0 1 1-2.13-9.36L23 10"
          />
        </svg>
      </button>
      <span
        class="pointer-events-none absolute -bottom-9 left-1/2 z-10 -translate-x-1/2 whitespace-nowrap rounded-md bg-[hsl(var(--color-text-primary))] px-2 py-1 text-xs text-[hsl(var(--color-text-inverse))] opacity-0 transition-opacity duration-150 group-hover/tip:opacity-100"
        role="tooltip"
      >
        Redo
      </span>
    </div>
    <div
      aria-hidden="true"
      class="mx-1 h-6 w-px bg-[hsl(var(--color-border-subtle))]"
      role="separator"
    />
    <div
      class="group/tip relative"
    >
      <button
        aria-label="Clear Canvas"
        class="relative flex items-center justify-center rounded-lg p-2 transition-all duration-150 ease-out focus-visible:outline-none focus-visible:ring-2 focus-visible:ring-[hsl(var(--color-accent))] focus-visible:ring-offset-1 text-[hsl(var(--color-text-secondary))] hover:bg-[hsl(var(--color-error)/0.12)] hover:text-[hsl(var(--color-error))] hover:scale-110 active:scale-95"
      >
        <svg
          aria-hidden="true"
          fill="none"
          height="18"
          stroke="currentColor"
          stroke-linecap="round"
          stroke-linejoin="round"
          stroke-width="2"
          viewBox="0 0 24 24"
          width="18"
          xmlns="http://www.w3.org/2000/svg"
        >
          <polyline
            points="3 6 5 6 21 6"
          />
          <path
            d="M19 6l-1 14a2 2 0 0 1-2 2H8a2 2 0 0 1-2-2L5 6"
          />
          <path
            d="M10 11v6"
          />
          <path
            d="M14 11v6"
          />
          <path
            d="M9 6V4a1 1 0 0 1 1-1h4a1 1 0 0 1 1 1v2"
          />
        </svg>
      </button>
      <span
        class="pointer-events-none absolute -bottom-9 left-1/2 z-10 -translate-x-1/2 whitespace-nowrap rounded-md bg-[hsl(var(--color-text-primary))] px-2 py-1 text-xs text-[hsl(var(--color-text-inverse))] opacity-0 transition-opacity duration-150 group-hover/tip:opacity-100"
        role="tooltip"
      >
        Clear Canvas
      </span>
    </div>
    <div
      aria-hidden="true"
      class="mx-1 h-6 w-px bg-[hsl(var(--color-border-subtle))]"
      role="separator"
    />
    <div
      class="group/tip relative"
    >
      <button
        aria-label="Settings"
        class="relative flex items-center justify-center rounded-lg p-2 transition-all duration-150 ease-out focus-visible:outline-none focus-visible:ring-2 focus-visible:ring-[hsl(var(--color-accent))] focus-visible:ring-offset-1 text-[hsl(var(--color-text-secondary))] hover:bg-[hsl(var(--color-surface-raised))] hover:text-[hsl(var(--color-text-primary))] hover:scale-110 active:scale-95"
      >
        <svg
          aria-hidden="true"
          fill="none"
          height="18"
          stroke="currentColor"
          stroke-linecap="round"
          stroke-linejoin="round"
          stroke-width="2"
          viewBox="0 0 24 24"
          width="18"
          xmlns="http://www.w3.org/2000/svg"
        >
          <path
            d="M12.22 2h-.44a2 2 0 0 0-2 2v.18a2 2 0 0 1-1 1.73l-.43.25a2 2 0 0 1-2 0l-.15-.08a2 2 0 0 0-2.73.73l-.22.38a2 2 0 0 0 .73 2.73l.15.1a2 2 0 0 1 1 1.72v.51a2 2 0 0 1-1 1.74l-.15.09a2 2 0 0 0-.73 2.73l.22.38a2 2 0 0 0 2.73.73l.15-.08a2 2 0 0 1 2 0l.43.25a2 2 0 0 1 1 1.73V20a2 2 0 0 0 2 2h.44a2 2 0 0 0 2-2v-.18a2 2 0 0 1 1-1.73l.43-.25a2 2 0 0 1 2 0l.15.08a2 2 0 0 0 2.73-.73l.22-.39a2 2 0 0 0-.73-2.73l-.15-.08a2 2 0 0 1-1-1.74v-.5a2 2 0 0 1 1-1.74l.15-.09a2 2 0 0 0 .73-2.73l-.22-.38a2 2 0 0 0-2.73-.73l-.15.08a2 2 0 0 1-2 0l-.43-.25a2 2 0 0 1-1-1.73V4a2 2 0 0 0-2-2z"
          />
          <circle
            cx="12"
            cy="12"
            r="3"
          />
        </svg>
      </button>
      <span
        class="pointer-events-none absolute -bottom-9 left-1/2 z-10 -translate-x-1/2 whitespace-nowrap rounded-md bg-[hsl(var(--color-text-primary))] px-2 py-1 text-xs text-[hsl(var(--color-text-inverse))] opacity-0 transition-opacity duration-150 group-hover/tip:opacity-100"
        role="tooltip"
      >
        Settings
      </span>
    </div>
  </div>
  <div
    class="fixed right-4 top-4 z-50 md:hidden"
  >
    <button
      aria-expanded="false"
      aria-label="Open menu"
      class="flex items-center justify-center rounded-xl border border-[hsl(var(--toolbar-border))] bg-[hsl(var(--toolbar-bg)/0.85)] p-2.5 text-[hsl(var(--color-text-primary))] shadow-lg backdrop-blur-xl transition-transform duration-150 hover:scale-105 active:scale-95"
    >
      <svg
        aria-hidden="true"
        fill="none"
        height="20"
        stroke="currentColor"
        stroke-linecap="round"
        stroke-linejoin="round"
        stroke-width="2"
        viewBox="0 0 24 24"
        width="20"
        xmlns="http://www.w3.org/2000/svg"
      >
        <line
          x1="4"
          x2="20"
          y1="6"
          y2="6"
        />
        <line
          x1="4"
          x2="20"
          y1="12"
          y2="12"
        />
        <line
          x1="4"
          x2="20"
          y1="18"
          y2="18"
        />
      </svg>
    </button>
  </div>
  <style>
    
        @keyframes toolbar-fade-in {
          from { opacity: 0; transform: translateY(-4px); }
          to   { opacity: 1; transform: translateY(0); }
        }
      
  </style>
</div>
`;
