// Vitest Snapshot v1, https://vitest.dev/guide/snapshot.html

exports[`WhiteboardCanvas > rendering > snapshot matches default render 1`] = `
<div
  aria-label="Interactive whiteboard canvas. Use toolbar to select drawing tools."
  aria-roledescription="whiteboard"
  class="relative h-full w-full overflow-hidden bg-[var(--color-canvas-bg)]"
  role="application"
  style="width: 100%; height: 100%;"
  tabindex="0"
>
  <div
    class="absolute inset-0"
  >
    <canvas
      aria-hidden="true"
      class="absolute inset-0 z-0 h-full w-full"
    />
    <canvas
      aria-hidden="true"
      class="absolute inset-0 z-10 h-full w-full"
    />
    <canvas
      aria-hidden="true"
      class="absolute inset-0 z-20 h-full w-full"
    />
    <canvas
      aria-hidden="true"
      class="absolute inset-0 z-30 h-full w-full pointer-events-none"
    />
  </div>
  <div
    class="absolute inset-0 z-40 pointer-events-none"
  />
  <div
    aria-label="Canvas objects"
    class="sr-only"
    role="list"
  >
    <p>
      Empty canvas. Use the toolbar to select a drawing tool and begin drawing.
    </p>
  </div>
</div>
`;
